edge(13,0) edge(24,0) edge(0,20) edge(0,51) edge(2,0) edge(0,68) edge(0,19) edge(0,38) edge(0,60) edge(0,48) edge(46,1) edge(76,1) edge(1,2) edge(1,25) edge(46,2) edge(2,24) edge(25,2) edge(2,30) edge(6,3) edge(17,3) edge(23,3) edge(55,3) edge(3,95) edge(3,53) edge(3,22) edge(3,85) edge(69,4) edge(4,61) edge(4,10) edge(4,47) edge(37,5) edge(26,5) edge(5,74) edge(5,29) edge(5,50) edge(49,6) edge(44,6) edge(6,17) edge(28,7) edge(43,7) edge(7,41) edge(7,8) edge(7,66) edge(12,7) edge(7,94) edge(35,8) edge(66,8) edge(8,27) edge(92,9) edge(52,9) edge(9,31) edge(9,15) edge(10,40) edge(10,53) edge(59,11) edge(13,11) edge(11,89) edge(11,56) edge(11,16) edge(11,20) edge(43,12) edge(97,12) edge(86,12) edge(12,94) edge(12,81) edge(12,71) edge(80,13) edge(74,13) edge(79,14) edge(14,73) edge(14,83) edge(38,15) edge(15,93) edge(48,15) edge(15,43) edge(15,36) edge(56,16) edge(16,55) edge(16,20) edge(61,17) edge(49,17) edge(17,47) edge(17,23) edge(55,18) edge(20,18) edge(18,95) edge(19,18) edge(18,92) edge(18,52) edge(20,19) edge(51,19) edge(19,52) edge(19,38) edge(20,51) edge(69,21) edge(59,21) edge(21,61) edge(21,82) edge(21,49) edge(95,22) edge(22,85) edge(22,72) edge(47,23) edge(40,23) edge(23,53) edge(74,24) edge(99,25) edge(25,88) edge(37,26) edge(26,87) edge(26,80) edge(26,74) edge(66,27) edge(94,27) edge(27,90) edge(71,27) edge(62,28) edge(67,28) edge(93,28) edge(28,91) edge(28,41) edge(29,74) edge(29,46) edge(29,76) edge(88,30) edge(30,68) edge(30,33) edge(72,31) edge(31,62) edge(31,93) edge(88,32) edge(70,32) edge(32,58) edge(79,32) edge(32,98) edge(32,73) edge(58,33) edge(33,60) edge(98,33) edge(33,45) edge(33,65) edge(39,34) edge(86,34) edge(42,34) edge(34,81) edge(91,35) edge(41,35) edge(48,36) edge(63,36) edge(36,43) edge(36,97) edge(52,38) edge(38,48) edge(63,39) edge(42,39) edge(39,86) edge(47,40) edge(64,42) edge(54,42) edge(93,43) edge(82,44) edge(56,44) edge(44,55) edge(60,45) edge(45,63) edge(45,64) edge(65,45) edge(45,54) edge(74,46) edge(60,48) edge(48,63) edge(82,49) edge(50,76) edge(50,99) edge(50,88) edge(50,70) edge(53,78) edge(53,96) edge(65,54) edge(75,54) edge(54,57) edge(89,56) edge(75,57) edge(88,58) edge(58,98) edge(77,59) edge(59,69) edge(80,59) edge(59,89) edge(68,60) edge(84,62) edge(62,67) edge(64,63) edge(63,97) edge(63,86) edge(98,65) edge(73,65) edge(65,75) edge(78,67) edge(84,67) edge(67,96) edge(70,79) edge(94,71) edge(81,71) edge(92,72) edge(72,84) edge(73,75) edge(80,74) edge(83,75) edge(76,99) edge(87,77) edge(77,80) edge(85,78) edge(89,82) edge(85,84) edge(97,86) edge(99,88) edge(96,91) edge(95,92) node(0) node(1) node(2) node(3) node(4) node(5) node(6) node(7) node(8) node(9) node(10) node(11) node(12) node(13) node(14) node(15) node(16) node(17) node(18) node(19) node(20) node(21) node(22) node(23) node(24) node(25) node(26) node(27) node(28) node(29) node(30) node(31) node(32) node(33) node(34) node(35) node(36) node(37) node(38) node(39) node(40) node(41) node(42) node(43) node(44) node(45) node(46) node(47) node(48) node(49) node(50) node(51) node(52) node(53) node(54) node(55) node(56) node(57) node(58) node(59) node(60) node(61) node(62) node(63) node(64) node(65) node(66) node(67) node(68) node(69) node(70) node(71) node(72) node(73) node(74) node(75) node(76) node(77) node(78) node(79) node(80) node(81) node(82) node(83) node(84) node(85) node(86) node(87) node(88) node(89) node(90) node(91) node(92) node(93) node(94) node(95) node(96) node(97) node(98) node(99) partition(0) partition(1) partition(2) partition(3) partition(4) partition(5) partition(6) partition(7) partition(8) partition(9) partition(10) partition(11) partition(12) partition(13) partition(14) partition(15) partition(16) partition(17) partition(18) partition(19) edge_q(0,1) belongs(0,0) edge_q(0,2) edge_q(0,3) edge_q(0,4) edge_q(0,6) edge_q(0,8) edge_q(0,9) edge_q(0,10) edge_q(0,11) edge_q(0,12) edge_q(0,13) edge_q(0,14) edge_q(0,15) edge_q(0,16) edge_q(0,17) edge_q(0,18) edge_q(0,19) belongs(38,16) belongs(48,16) belongs(2,10) belongs(24,10) belongs(3,0) belongs(53,2) belongs(10,5) belongs(5,0) belongs(74,9) belongs(17,2) belongs(41,15) belongs(66,14) belongs(8,0) belongs(31,1) belongs(15,3) belongs(11,0) belongs(12,0) belongs(7,14) belongs(13,0) belongs(14,0) belongs(73,19) belongs(43,13) belongs(36,3) belongs(16,0) belongs(23,2) belongs(18,0) belongs(19,0) belongs(20,0) belongs(21,0) belongs(82,6) belongs(22,0) belongs(25,0) belongs(26,0) belongs(80,8) belongs(27,0) belongs(28,0) belongs(29,0) belongs(76,11) belongs(30,0) belongs(33,18) belongs(62,1) belongs(32,0) belongs(45,17) belongs(65,18) belongs(34,0) belongs(35,0) belongs(97,16) belongs(37,0) belongs(39,0) belongs(40,0) belongs(42,0) belongs(6,2) belongs(63,16) belongs(64,17) belongs(46,0) belongs(1,10) belongs(47,0) belongs(49,0) belongs(50,0) belongs(99,12) belongs(51,0) belongs(52,0) belongs(9,3) belongs(96,2) belongs(54,0) belongs(55,0) belongs(56,0) belongs(44,4) belongs(58,0) belongs(69,7) belongs(60,0) belongs(61,0) belongs(67,1) belongs(75,19) belongs(68,0) belongs(4,5) belongs(70,0) belongs(71,0) belongs(72,0) belongs(59,7) belongs(78,0) belongs(79,0) belongs(81,0) belongs(83,0) belongs(84,0) belongs(85,0) belongs(86,0) belongs(87,0) belongs(77,8) belongs(88,0) belongs(89,0) belongs(91,0) belongs(92,0) belongs(93,0) belongs(94,0) belongs(95,0) belongs(98,0) edge_q(1,0) edge_q(1,2) belongs(90,0) belongs(57,0) edge_q(2,0) edge_q(3,0) edge_q(3,1) edge_q(3,13) edge_q(3,16) edge_q(4,0) edge_q(4,2) edge_q(5,0) edge_q(5,2) edge_q(6,0) edge_q(6,4) edge_q(7,0) edge_q(7,5) edge_q(8,0) edge_q(8,7) edge_q(8,9) edge_q(9,0) edge_q(9,10) edge_q(10,0) edge_q(11,10) edge_q(11,12) edge_q(12,0) edge_q(13,0) edge_q(13,14) edge_q(14,0) edge_q(14,15) edge_q(15,0) edge_q(16,0) edge_q(16,3) edge_q(17,0) edge_q(17,16) edge_q(18,0) edge_q(18,17) edge_q(18,19) edge_q(19,0) edge_q(19,18) partition2(1) partition2(2) partition2(3) partition2(4) partition2(5) partition2(6) partition2(7) partition2(8) partition2(9) partition2(10) partition2(11) partition2(12) partition2(13) partition2(14) partition2(15) partition2(16) partition2(17) partition2(18) partition2(19) family(0,3,0) family(0,5,0) family(3,5,0) family(0,8,0) family(3,8,0) family(5,8,0) family(0,11,0) family(3,11,0) family(5,11,0) family(8,11,0) family(0,12,0) family(3,12,0) family(5,12,0) family(8,12,0) family(11,12,0) family(0,13,0) family(3,13,0) family(5,13,0) family(8,13,0) family(11,13,0) family(12,13,0) family(0,14,0) family(3,14,0) family(5,14,0) family(8,14,0) family(11,14,0) family(12,14,0) family(13,14,0) family(0,16,0) family(3,16,0) family(5,16,0) family(8,16,0) family(11,16,0) family(12,16,0) family(13,16,0) family(14,16,0) family(0,18,0) family(3,18,0) family(5,18,0) family(8,18,0) family(11,18,0) family(12,18,0) family(13,18,0) family(14,18,0) family(16,18,0) family(0,19,0) family(3,19,0) family(5,19,0) family(8,19,0) family(11,19,0) family(12,19,0) family(13,19,0) family(14,19,0) family(16,19,0) family(18,19,0) family(0,20,0) family(3,20,0) family(5,20,0) family(8,20,0) family(11,20,0) family(12,20,0) family(13,20,0) family(14,20,0) family(16,20,0) family(18,20,0) family(19,20,0) family(0,21,0) family(3,21,0) family(5,21,0) family(8,21,0) family(11,21,0) family(12,21,0) family(13,21,0) family(14,21,0) family(16,21,0) family(18,21,0) family(19,21,0) family(20,21,0) family(0,22,0) family(3,22,0) family(5,22,0) family(8,22,0) family(11,22,0) family(12,22,0) family(13,22,0) family(14,22,0) family(16,22,0) family(18,22,0) family(19,22,0) family(20,22,0) family(21,22,0) family(0,25,0) family(3,25,0) family(5,25,0) family(8,25,0) family(11,25,0) family(12,25,0) family(13,25,0) family(14,25,0) family(16,25,0) family(18,25,0) family(19,25,0) family(20,25,0) family(21,25,0) family(22,25,0) family(0,26,0) family(3,26,0) family(5,26,0) family(8,26,0) family(11,26,0) family(12,26,0) family(13,26,0) family(14,26,0) family(16,26,0) family(18,26,0) family(19,26,0) family(20,26,0) family(21,26,0) family(22,26,0) family(25,26,0) family(0,27,0) family(3,27,0) family(5,27,0) family(8,27,0) family(11,27,0) family(12,27,0) family(13,27,0) family(14,27,0) family(16,27,0) family(18,27,0) family(19,27,0) family(20,27,0) family(21,27,0) family(22,27,0) family(25,27,0) family(26,27,0) family(0,28,0) family(3,28,0) family(5,28,0) family(8,28,0) family(11,28,0) family(12,28,0) family(13,28,0) family(14,28,0) family(16,28,0) family(18,28,0) family(19,28,0) family(20,28,0) family(21,28,0) family(22,28,0) family(25,28,0) family(26,28,0) family(27,28,0) family(0,29,0) family(3,29,0) family(5,29,0) family(8,29,0) family(11,29,0) family(12,29,0) family(13,29,0) family(14,29,0) family(16,29,0) family(18,29,0) family(19,29,0) family(20,29,0) family(21,29,0) family(22,29,0) family(25,29,0) family(26,29,0) family(27,29,0) family(28,29,0) family(0,30,0) family(3,30,0) family(5,30,0) family(8,30,0) family(11,30,0) family(12,30,0) family(13,30,0) family(14,30,0) family(16,30,0) family(18,30,0) family(19,30,0) family(20,30,0) family(21,30,0) family(22,30,0) family(25,30,0) family(26,30,0) family(27,30,0) family(28,30,0) family(29,30,0) family(0,32,0) family(3,32,0) family(5,32,0) family(8,32,0) family(11,32,0) family(12,32,0) family(13,32,0) family(14,32,0) family(16,32,0) family(18,32,0) family(19,32,0) family(20,32,0) family(21,32,0) family(22,32,0) family(25,32,0) family(26,32,0) family(27,32,0) family(28,32,0) family(29,32,0) family(30,32,0) family(0,34,0) family(3,34,0) family(5,34,0) family(8,34,0) family(11,34,0) family(12,34,0) family(13,34,0) family(14,34,0) family(16,34,0) family(18,34,0) family(19,34,0) family(20,34,0) family(21,34,0) family(22,34,0) family(25,34,0) family(26,34,0) family(27,34,0) family(28,34,0) family(29,34,0) family(30,34,0) family(32,34,0) family(0,35,0) family(3,35,0) family(5,35,0) family(8,35,0) family(11,35,0) family(12,35,0) family(13,35,0) family(14,35,0) family(16,35,0) family(18,35,0) family(19,35,0) family(20,35,0) family(21,35,0) family(22,35,0) family(25,35,0) family(26,35,0) family(27,35,0) family(28,35,0) family(29,35,0) family(30,35,0) family(32,35,0) family(34,35,0) family(0,37,0) family(3,37,0) family(5,37,0) family(8,37,0) family(11,37,0) family(12,37,0) family(13,37,0) family(14,37,0) family(16,37,0) family(18,37,0) family(19,37,0) family(20,37,0) family(21,37,0) family(22,37,0) family(25,37,0) family(26,37,0) family(27,37,0) family(28,37,0) family(29,37,0) family(30,37,0) family(32,37,0) family(34,37,0) family(35,37,0) family(0,39,0) family(3,39,0) family(5,39,0) family(8,39,0) family(11,39,0) family(12,39,0) family(13,39,0) family(14,39,0) family(16,39,0) family(18,39,0) family(19,39,0) family(20,39,0) family(21,39,0) family(22,39,0) family(25,39,0) family(26,39,0) family(27,39,0) family(28,39,0) family(29,39,0) family(30,39,0) family(32,39,0) family(34,39,0) family(35,39,0) family(37,39,0) family(0,40,0) family(3,40,0) family(5,40,0) family(8,40,0) family(11,40,0) family(12,40,0) family(13,40,0) family(14,40,0) family(16,40,0) family(18,40,0) family(19,40,0) family(20,40,0) family(21,40,0) family(22,40,0) family(25,40,0) family(26,40,0) family(27,40,0) family(28,40,0) family(29,40,0) family(30,40,0) family(32,40,0) family(34,40,0) family(35,40,0) family(37,40,0) family(39,40,0) family(0,42,0) family(3,42,0) family(5,42,0) family(8,42,0) family(11,42,0) family(12,42,0) family(13,42,0) family(14,42,0) family(16,42,0) family(18,42,0) family(19,42,0) family(20,42,0) family(21,42,0) family(22,42,0) family(25,42,0) family(26,42,0) family(27,42,0) family(28,42,0) family(29,42,0) family(30,42,0) family(32,42,0) family(34,42,0) family(35,42,0) family(37,42,0) family(39,42,0) family(40,42,0) family(0,46,0) family(3,46,0) family(5,46,0) family(8,46,0) family(11,46,0) family(12,46,0) family(13,46,0) family(14,46,0) family(16,46,0) family(18,46,0) family(19,46,0) family(20,46,0) family(21,46,0) family(22,46,0) family(25,46,0) family(26,46,0) family(27,46,0) family(28,46,0) family(29,46,0) family(30,46,0) family(32,46,0) family(34,46,0) family(35,46,0) family(37,46,0) family(39,46,0) family(40,46,0) family(42,46,0) family(0,47,0) family(3,47,0) family(5,47,0) family(8,47,0) family(11,47,0) family(12,47,0) family(13,47,0) family(14,47,0) family(16,47,0) family(18,47,0) family(19,47,0) family(20,47,0) family(21,47,0) family(22,47,0) family(25,47,0) family(26,47,0) family(27,47,0) family(28,47,0) family(29,47,0) family(30,47,0) family(32,47,0) family(34,47,0) family(35,47,0) family(37,47,0) family(39,47,0) family(40,47,0) family(42,47,0) family(46,47,0) family(0,49,0) family(3,49,0) family(5,49,0) family(8,49,0) family(11,49,0) family(12,49,0) family(13,49,0) family(14,49,0) family(16,49,0) family(18,49,0) family(19,49,0) family(20,49,0) family(21,49,0) family(22,49,0) family(25,49,0) family(26,49,0) family(27,49,0) family(28,49,0) family(29,49,0) family(30,49,0) family(32,49,0) family(34,49,0) family(35,49,0) family(37,49,0) family(39,49,0) family(40,49,0) family(42,49,0) family(46,49,0) family(47,49,0) family(0,50,0) family(3,50,0) family(5,50,0) family(8,50,0) family(11,50,0) family(12,50,0) family(13,50,0) family(14,50,0) family(16,50,0) family(18,50,0) family(19,50,0) family(20,50,0) family(21,50,0) family(22,50,0) family(25,50,0) family(26,50,0) family(27,50,0) family(28,50,0) family(29,50,0) family(30,50,0) family(32,50,0) family(34,50,0) family(35,50,0) family(37,50,0) family(39,50,0) family(40,50,0) family(42,50,0) family(46,50,0) family(47,50,0) family(49,50,0) family(0,51,0) family(3,51,0) family(5,51,0) family(8,51,0) family(11,51,0) family(12,51,0) family(13,51,0) family(14,51,0) family(16,51,0) family(18,51,0) family(19,51,0) family(20,51,0) family(21,51,0) family(22,51,0) family(25,51,0) family(26,51,0) family(27,51,0) family(28,51,0) family(29,51,0) family(30,51,0) family(32,51,0) family(34,51,0) family(35,51,0) family(37,51,0) family(39,51,0) family(40,51,0) family(42,51,0) family(46,51,0) family(47,51,0) family(49,51,0) family(50,51,0) family(0,52,0) family(3,52,0) family(5,52,0) family(8,52,0) family(11,52,0) family(12,52,0) family(13,52,0) family(14,52,0) family(16,52,0) family(18,52,0) family(19,52,0) family(20,52,0) family(21,52,0) family(22,52,0) family(25,52,0) family(26,52,0) family(27,52,0) family(28,52,0) family(29,52,0) family(30,52,0) family(32,52,0) family(34,52,0) family(35,52,0) family(37,52,0) family(39,52,0) family(40,52,0) family(42,52,0) family(46,52,0) family(47,52,0) family(49,52,0) family(50,52,0) family(51,52,0) family(0,54,0) family(3,54,0) family(5,54,0) family(8,54,0) family(11,54,0) family(12,54,0) family(13,54,0) family(14,54,0) family(16,54,0) family(18,54,0) family(19,54,0) family(20,54,0) family(21,54,0) family(22,54,0) family(25,54,0) family(26,54,0) family(27,54,0) family(28,54,0) family(29,54,0) family(30,54,0) family(32,54,0) family(34,54,0) family(35,54,0) family(37,54,0) family(39,54,0) family(40,54,0) family(42,54,0) family(46,54,0) family(47,54,0) family(49,54,0) family(50,54,0) family(51,54,0) family(52,54,0) family(0,55,0) family(3,55,0) family(5,55,0) family(8,55,0) family(11,55,0) family(12,55,0) family(13,55,0) family(14,55,0) family(16,55,0) family(18,55,0) family(19,55,0) family(20,55,0) family(21,55,0) family(22,55,0) family(25,55,0) family(26,55,0) family(27,55,0) family(28,55,0) family(29,55,0) family(30,55,0) family(32,55,0) family(34,55,0) family(35,55,0) family(37,55,0) family(39,55,0) family(40,55,0) family(42,55,0) family(46,55,0) family(47,55,0) family(49,55,0) family(50,55,0) family(51,55,0) family(52,55,0) family(54,55,0) family(0,56,0) family(3,56,0) family(5,56,0) family(8,56,0) family(11,56,0) family(12,56,0) family(13,56,0) family(14,56,0) family(16,56,0) family(18,56,0) family(19,56,0) family(20,56,0) family(21,56,0) family(22,56,0) family(25,56,0) family(26,56,0) family(27,56,0) family(28,56,0) family(29,56,0) family(30,56,0) family(32,56,0) family(34,56,0) family(35,56,0) family(37,56,0) family(39,56,0) family(40,56,0) family(42,56,0) family(46,56,0) family(47,56,0) family(49,56,0) family(50,56,0) family(51,56,0) family(52,56,0) family(54,56,0) family(55,56,0) family(0,57,0) family(3,57,0) family(5,57,0) family(8,57,0) family(11,57,0) family(12,57,0) family(13,57,0) family(14,57,0) family(16,57,0) family(18,57,0) family(19,57,0) family(20,57,0) family(21,57,0) family(22,57,0) family(25,57,0) family(26,57,0) family(27,57,0) family(28,57,0) family(29,57,0) family(30,57,0) family(32,57,0) family(34,57,0) family(35,57,0) family(37,57,0) family(39,57,0) family(40,57,0) family(42,57,0) family(46,57,0) family(47,57,0) family(49,57,0) family(50,57,0) family(51,57,0) family(52,57,0) family(54,57,0) family(55,57,0) family(56,57,0) family(0,58,0) family(3,58,0) family(5,58,0) family(8,58,0) family(11,58,0) family(12,58,0) family(13,58,0) family(14,58,0) family(16,58,0) family(18,58,0) family(19,58,0) family(20,58,0) family(21,58,0) family(22,58,0) family(25,58,0) family(26,58,0) family(27,58,0) family(28,58,0) family(29,58,0) family(30,58,0) family(32,58,0) family(34,58,0) family(35,58,0) family(37,58,0) family(39,58,0) family(40,58,0) family(42,58,0) family(46,58,0) family(47,58,0) family(49,58,0) family(50,58,0) family(51,58,0) family(52,58,0) family(54,58,0) family(55,58,0) family(56,58,0) family(57,58,0) family(0,60,0) family(3,60,0) family(5,60,0) family(8,60,0) family(11,60,0) family(12,60,0) family(13,60,0) family(14,60,0) family(16,60,0) family(18,60,0) family(19,60,0) family(20,60,0) family(21,60,0) family(22,60,0) family(25,60,0) family(26,60,0) family(27,60,0) family(28,60,0) family(29,60,0) family(30,60,0) family(32,60,0) family(34,60,0) family(35,60,0) family(37,60,0) family(39,60,0) family(40,60,0) family(42,60,0) family(46,60,0) family(47,60,0) family(49,60,0) family(50,60,0) family(51,60,0) family(52,60,0) family(54,60,0) family(55,60,0) family(56,60,0) family(57,60,0) family(58,60,0) family(0,61,0) family(3,61,0) family(5,61,0) family(8,61,0) family(11,61,0) family(12,61,0) family(13,61,0) family(14,61,0) family(16,61,0) family(18,61,0) family(19,61,0) family(20,61,0) family(21,61,0) family(22,61,0) family(25,61,0) family(26,61,0) family(27,61,0) family(28,61,0) family(29,61,0) family(30,61,0) family(32,61,0) family(34,61,0) family(35,61,0) family(37,61,0) family(39,61,0) family(40,61,0) family(42,61,0) family(46,61,0) family(47,61,0) family(49,61,0) family(50,61,0) family(51,61,0) family(52,61,0) family(54,61,0) family(55,61,0) family(56,61,0) family(57,61,0) family(58,61,0) family(60,61,0) family(0,68,0) family(3,68,0) family(5,68,0) family(8,68,0) family(11,68,0) family(12,68,0) family(13,68,0) family(14,68,0) family(16,68,0) family(18,68,0) family(19,68,0) family(20,68,0) family(21,68,0) family(22,68,0) family(25,68,0) family(26,68,0) family(27,68,0) family(28,68,0) family(29,68,0) family(30,68,0) family(32,68,0) family(34,68,0) family(35,68,0) family(37,68,0) family(39,68,0) family(40,68,0) family(42,68,0) family(46,68,0) family(47,68,0) family(49,68,0) family(50,68,0) family(51,68,0) family(52,68,0) family(54,68,0) family(55,68,0) family(56,68,0) family(57,68,0) family(58,68,0) family(60,68,0) family(61,68,0) family(0,70,0) family(3,70,0) family(5,70,0) family(8,70,0) family(11,70,0) family(12,70,0) family(13,70,0) family(14,70,0) family(16,70,0) family(18,70,0) family(19,70,0) family(20,70,0) family(21,70,0) family(22,70,0) family(25,70,0) family(26,70,0) family(27,70,0) family(28,70,0) family(29,70,0) family(30,70,0) family(32,70,0) family(34,70,0) family(35,70,0) family(37,70,0) family(39,70,0) family(40,70,0) family(42,70,0) family(46,70,0) family(47,70,0) family(49,70,0) family(50,70,0) family(51,70,0) family(52,70,0) family(54,70,0) family(55,70,0) family(56,70,0) family(57,70,0) family(58,70,0) family(60,70,0) family(61,70,0) family(68,70,0) family(0,71,0) family(3,71,0) family(5,71,0) family(8,71,0) family(11,71,0) family(12,71,0) family(13,71,0) family(14,71,0) family(16,71,0) family(18,71,0) family(19,71,0) family(20,71,0) family(21,71,0) family(22,71,0) family(25,71,0) family(26,71,0) family(27,71,0) family(28,71,0) family(29,71,0) family(30,71,0) family(32,71,0) family(34,71,0) family(35,71,0) family(37,71,0) family(39,71,0) family(40,71,0) family(42,71,0) family(46,71,0) family(47,71,0) family(49,71,0) family(50,71,0) family(51,71,0) family(52,71,0) family(54,71,0) family(55,71,0) family(56,71,0) family(57,71,0) family(58,71,0) family(60,71,0) family(61,71,0) family(68,71,0) family(70,71,0) family(0,72,0) family(3,72,0) family(5,72,0) family(8,72,0) family(11,72,0) family(12,72,0) family(13,72,0) family(14,72,0) family(16,72,0) family(18,72,0) family(19,72,0) family(20,72,0) family(21,72,0) family(22,72,0) family(25,72,0) family(26,72,0) family(27,72,0) family(28,72,0) family(29,72,0) family(30,72,0) family(32,72,0) family(34,72,0) family(35,72,0) family(37,72,0) family(39,72,0) family(40,72,0) family(42,72,0) family(46,72,0) family(47,72,0) family(49,72,0) family(50,72,0) family(51,72,0) family(52,72,0) family(54,72,0) family(55,72,0) family(56,72,0) family(57,72,0) family(58,72,0) family(60,72,0) family(61,72,0) family(68,72,0) family(70,72,0) family(71,72,0) family(0,78,0) family(3,78,0) family(5,78,0) family(8,78,0) family(11,78,0) family(12,78,0) family(13,78,0) family(14,78,0) family(16,78,0) family(18,78,0) family(19,78,0) family(20,78,0) family(21,78,0) family(22,78,0) family(25,78,0) family(26,78,0) family(27,78,0) family(28,78,0) family(29,78,0) family(30,78,0) family(32,78,0) family(34,78,0) family(35,78,0) family(37,78,0) family(39,78,0) family(40,78,0) family(42,78,0) family(46,78,0) family(47,78,0) family(49,78,0) family(50,78,0) family(51,78,0) family(52,78,0) family(54,78,0) family(55,78,0) family(56,78,0) family(57,78,0) family(58,78,0) family(60,78,0) family(61,78,0) family(68,78,0) family(70,78,0) family(71,78,0) family(72,78,0) family(0,79,0) family(3,79,0) family(5,79,0) family(8,79,0) family(11,79,0) family(12,79,0) family(13,79,0) family(14,79,0) family(16,79,0) family(18,79,0) family(19,79,0) family(20,79,0) family(21,79,0) family(22,79,0) family(25,79,0) family(26,79,0) family(27,79,0) family(28,79,0) family(29,79,0) family(30,79,0) family(32,79,0) family(34,79,0) family(35,79,0) family(37,79,0) family(39,79,0) family(40,79,0) family(42,79,0) family(46,79,0) family(47,79,0) family(49,79,0) family(50,79,0) family(51,79,0) family(52,79,0) family(54,79,0) family(55,79,0) family(56,79,0) family(57,79,0) family(58,79,0) family(60,79,0) family(61,79,0) family(68,79,0) family(70,79,0) family(71,79,0) family(72,79,0) family(78,79,0) family(0,81,0) family(3,81,0) family(5,81,0) family(8,81,0) family(11,81,0) family(12,81,0) family(13,81,0) family(14,81,0) family(16,81,0) family(18,81,0) family(19,81,0) family(20,81,0) family(21,81,0) family(22,81,0) family(25,81,0) family(26,81,0) family(27,81,0) family(28,81,0) family(29,81,0) family(30,81,0) family(32,81,0) family(34,81,0) family(35,81,0) family(37,81,0) family(39,81,0) family(40,81,0) family(42,81,0) family(46,81,0) family(47,81,0) family(49,81,0) family(50,81,0) family(51,81,0) family(52,81,0) family(54,81,0) family(55,81,0) family(56,81,0) family(57,81,0) family(58,81,0) family(60,81,0) family(61,81,0) family(68,81,0) family(70,81,0) family(71,81,0) family(72,81,0) family(78,81,0) family(79,81,0) family(0,83,0) family(3,83,0) family(5,83,0) family(8,83,0) family(11,83,0) family(12,83,0) family(13,83,0) family(14,83,0) family(16,83,0) family(18,83,0) family(19,83,0) family(20,83,0) family(21,83,0) family(22,83,0) family(25,83,0) family(26,83,0) family(27,83,0) family(28,83,0) family(29,83,0) family(30,83,0) family(32,83,0) family(34,83,0) family(35,83,0) family(37,83,0) family(39,83,0) family(40,83,0) family(42,83,0) family(46,83,0) family(47,83,0) family(49,83,0) family(50,83,0) family(51,83,0) family(52,83,0) family(54,83,0) family(55,83,0) family(56,83,0) family(57,83,0) family(58,83,0) family(60,83,0) family(61,83,0) family(68,83,0) family(70,83,0) family(71,83,0) family(72,83,0) family(78,83,0) family(79,83,0) family(81,83,0) family(0,84,0) family(3,84,0) family(5,84,0) family(8,84,0) family(11,84,0) family(12,84,0) family(13,84,0) family(14,84,0) family(16,84,0) family(18,84,0) family(19,84,0) family(20,84,0) family(21,84,0) family(22,84,0) family(25,84,0) family(26,84,0) family(27,84,0) family(28,84,0) family(29,84,0) family(30,84,0) family(32,84,0) family(34,84,0) family(35,84,0) family(37,84,0) family(39,84,0) family(40,84,0) family(42,84,0) family(46,84,0) family(47,84,0) family(49,84,0) family(50,84,0) family(51,84,0) family(52,84,0) family(54,84,0) family(55,84,0) family(56,84,0) family(57,84,0) family(58,84,0) family(60,84,0) family(61,84,0) family(68,84,0) family(70,84,0) family(71,84,0) family(72,84,0) family(78,84,0) family(79,84,0) family(81,84,0) family(83,84,0) family(0,85,0) family(3,85,0) family(5,85,0) family(8,85,0) family(11,85,0) family(12,85,0) family(13,85,0) family(14,85,0) family(16,85,0) family(18,85,0) family(19,85,0) family(20,85,0) family(21,85,0) family(22,85,0) family(25,85,0) family(26,85,0) family(27,85,0) family(28,85,0) family(29,85,0) family(30,85,0) family(32,85,0) family(34,85,0) family(35,85,0) family(37,85,0) family(39,85,0) family(40,85,0) family(42,85,0) family(46,85,0) family(47,85,0) family(49,85,0) family(50,85,0) family(51,85,0) family(52,85,0) family(54,85,0) family(55,85,0) family(56,85,0) family(57,85,0) family(58,85,0) family(60,85,0) family(61,85,0) family(68,85,0) family(70,85,0) family(71,85,0) family(72,85,0) family(78,85,0) family(79,85,0) family(81,85,0) family(83,85,0) family(84,85,0) family(0,86,0) family(3,86,0) family(5,86,0) family(8,86,0) family(11,86,0) family(12,86,0) family(13,86,0) family(14,86,0) family(16,86,0) family(18,86,0) family(19,86,0) family(20,86,0) family(21,86,0) family(22,86,0) family(25,86,0) family(26,86,0) family(27,86,0) family(28,86,0) family(29,86,0) family(30,86,0) family(32,86,0) family(34,86,0) family(35,86,0) family(37,86,0) family(39,86,0) family(40,86,0) family(42,86,0) family(46,86,0) family(47,86,0) family(49,86,0) family(50,86,0) family(51,86,0) family(52,86,0) family(54,86,0) family(55,86,0) family(56,86,0) family(57,86,0) family(58,86,0) family(60,86,0) family(61,86,0) family(68,86,0) family(70,86,0) family(71,86,0) family(72,86,0) family(78,86,0) family(79,86,0) family(81,86,0) family(83,86,0) family(84,86,0) family(85,86,0) family(0,87,0) family(3,87,0) family(5,87,0) family(8,87,0) family(11,87,0) family(12,87,0) family(13,87,0) family(14,87,0) family(16,87,0) family(18,87,0) family(19,87,0) family(20,87,0) family(21,87,0) family(22,87,0) family(25,87,0) family(26,87,0) family(27,87,0) family(28,87,0) family(29,87,0) family(30,87,0) family(32,87,0) family(34,87,0) family(35,87,0) family(37,87,0) family(39,87,0) family(40,87,0) family(42,87,0) family(46,87,0) family(47,87,0) family(49,87,0) family(50,87,0) family(51,87,0) family(52,87,0) family(54,87,0) family(55,87,0) family(56,87,0) family(57,87,0) family(58,87,0) family(60,87,0) family(61,87,0) family(68,87,0) family(70,87,0) family(71,87,0) family(72,87,0) family(78,87,0) family(79,87,0) family(81,87,0) family(83,87,0) family(84,87,0) family(85,87,0) family(86,87,0) family(0,88,0) family(3,88,0) family(5,88,0) family(8,88,0) family(11,88,0) family(12,88,0) family(13,88,0) family(14,88,0) family(16,88,0) family(18,88,0) family(19,88,0) family(20,88,0) family(21,88,0) family(22,88,0) family(25,88,0) family(26,88,0) family(27,88,0) family(28,88,0) family(29,88,0) family(30,88,0) family(32,88,0) family(34,88,0) family(35,88,0) family(37,88,0) family(39,88,0) family(40,88,0) family(42,88,0) family(46,88,0) family(47,88,0) family(49,88,0) family(50,88,0) family(51,88,0) family(52,88,0) family(54,88,0) family(55,88,0) family(56,88,0) family(57,88,0) family(58,88,0) family(60,88,0) family(61,88,0) family(68,88,0) family(70,88,0) family(71,88,0) family(72,88,0) family(78,88,0) family(79,88,0) family(81,88,0) family(83,88,0) family(84,88,0) family(85,88,0) family(86,88,0) family(87,88,0) family(0,89,0) family(3,89,0) family(5,89,0) family(8,89,0) family(11,89,0) family(12,89,0) family(13,89,0) family(14,89,0) family(16,89,0) family(18,89,0) family(19,89,0) family(20,89,0) family(21,89,0) family(22,89,0) family(25,89,0) family(26,89,0) family(27,89,0) family(28,89,0) family(29,89,0) family(30,89,0) family(32,89,0) family(34,89,0) family(35,89,0) family(37,89,0) family(39,89,0) family(40,89,0) family(42,89,0) family(46,89,0) family(47,89,0) family(49,89,0) family(50,89,0) family(51,89,0) family(52,89,0) family(54,89,0) family(55,89,0) family(56,89,0) family(57,89,0) family(58,89,0) family(60,89,0) family(61,89,0) family(68,89,0) family(70,89,0) family(71,89,0) family(72,89,0) family(78,89,0) family(79,89,0) family(81,89,0) family(83,89,0) family(84,89,0) family(85,89,0) family(86,89,0) family(87,89,0) family(88,89,0) family(0,90,0) family(3,90,0) family(5,90,0) family(8,90,0) family(11,90,0) family(12,90,0) family(13,90,0) family(14,90,0) family(16,90,0) family(18,90,0) family(19,90,0) family(20,90,0) family(21,90,0) family(22,90,0) family(25,90,0) family(26,90,0) family(27,90,0) family(28,90,0) family(29,90,0) family(30,90,0) family(32,90,0) family(34,90,0) family(35,90,0) family(37,90,0) family(39,90,0) family(40,90,0) family(42,90,0) family(46,90,0) family(47,90,0) family(49,90,0) family(50,90,0) family(51,90,0) family(52,90,0) family(54,90,0) family(55,90,0) family(56,90,0) family(57,90,0) family(58,90,0) family(60,90,0) family(61,90,0) family(68,90,0) family(70,90,0) family(71,90,0) family(72,90,0) family(78,90,0) family(79,90,0) family(81,90,0) family(83,90,0) family(84,90,0) family(85,90,0) family(86,90,0) family(87,90,0) family(88,90,0) family(89,90,0) family(0,91,0) family(3,91,0) family(5,91,0) family(8,91,0) family(11,91,0) family(12,91,0) family(13,91,0) family(14,91,0) family(16,91,0) family(18,91,0) family(19,91,0) family(20,91,0) family(21,91,0) family(22,91,0) family(25,91,0) family(26,91,0) family(27,91,0) family(28,91,0) family(29,91,0) family(30,91,0) family(32,91,0) family(34,91,0) family(35,91,0) family(37,91,0) family(39,91,0) family(40,91,0) family(42,91,0) family(46,91,0) family(47,91,0) family(49,91,0) family(50,91,0) family(51,91,0) family(52,91,0) family(54,91,0) family(55,91,0) family(56,91,0) family(57,91,0) family(58,91,0) family(60,91,0) family(61,91,0) family(68,91,0) family(70,91,0) family(71,91,0) family(72,91,0) family(78,91,0) family(79,91,0) family(81,91,0) family(83,91,0) family(84,91,0) family(85,91,0) family(86,91,0) family(87,91,0) family(88,91,0) family(89,91,0) family(90,91,0) family(0,92,0) family(3,92,0) family(5,92,0) family(8,92,0) family(11,92,0) family(12,92,0) family(13,92,0) family(14,92,0) family(16,92,0) family(18,92,0) family(19,92,0) family(20,92,0) family(21,92,0) family(22,92,0) family(25,92,0) family(26,92,0) family(27,92,0) family(28,92,0) family(29,92,0) family(30,92,0) family(32,92,0) family(34,92,0) family(35,92,0) family(37,92,0) family(39,92,0) family(40,92,0) family(42,92,0) family(46,92,0) family(47,92,0) family(49,92,0) family(50,92,0) family(51,92,0) family(52,92,0) family(54,92,0) family(55,92,0) family(56,92,0) family(57,92,0) family(58,92,0) family(60,92,0) family(61,92,0) family(68,92,0) family(70,92,0) family(71,92,0) family(72,92,0) family(78,92,0) family(79,92,0) family(81,92,0) family(83,92,0) family(84,92,0) family(85,92,0) family(86,92,0) family(87,92,0) family(88,92,0) family(89,92,0) family(90,92,0) family(91,92,0) family(0,93,0) family(3,93,0) family(5,93,0) family(8,93,0) family(11,93,0) family(12,93,0) family(13,93,0) family(14,93,0) family(16,93,0) family(18,93,0) family(19,93,0) family(20,93,0) family(21,93,0) family(22,93,0) family(25,93,0) family(26,93,0) family(27,93,0) family(28,93,0) family(29,93,0) family(30,93,0) family(32,93,0) family(34,93,0) family(35,93,0) family(37,93,0) family(39,93,0) family(40,93,0) family(42,93,0) family(46,93,0) family(47,93,0) family(49,93,0) family(50,93,0) family(51,93,0) family(52,93,0) family(54,93,0) family(55,93,0) family(56,93,0) family(57,93,0) family(58,93,0) family(60,93,0) family(61,93,0) family(68,93,0) family(70,93,0) family(71,93,0) family(72,93,0) family(78,93,0) family(79,93,0) family(81,93,0) family(83,93,0) family(84,93,0) family(85,93,0) family(86,93,0) family(87,93,0) family(88,93,0) family(89,93,0) family(90,93,0) family(91,93,0) family(92,93,0) family(0,94,0) family(3,94,0) family(5,94,0) family(8,94,0) family(11,94,0) family(12,94,0) family(13,94,0) family(14,94,0) family(16,94,0) family(18,94,0) family(19,94,0) family(20,94,0) family(21,94,0) family(22,94,0) family(25,94,0) family(26,94,0) family(27,94,0) family(28,94,0) family(29,94,0) family(30,94,0) family(32,94,0) family(34,94,0) family(35,94,0) family(37,94,0) family(39,94,0) family(40,94,0) family(42,94,0) family(46,94,0) family(47,94,0) family(49,94,0) family(50,94,0) family(51,94,0) family(52,94,0) family(54,94,0) family(55,94,0) family(56,94,0) family(57,94,0) family(58,94,0) family(60,94,0) family(61,94,0) family(68,94,0) family(70,94,0) family(71,94,0) family(72,94,0) family(78,94,0) family(79,94,0) family(81,94,0) family(83,94,0) family(84,94,0) family(85,94,0) family(86,94,0) family(87,94,0) family(88,94,0) family(89,94,0) family(90,94,0) family(91,94,0) family(92,94,0) family(93,94,0) family(0,95,0) family(3,95,0) family(5,95,0) family(8,95,0) family(11,95,0) family(12,95,0) family(13,95,0) family(14,95,0) family(16,95,0) family(18,95,0) family(19,95,0) family(20,95,0) family(21,95,0) family(22,95,0) family(25,95,0) family(26,95,0) family(27,95,0) family(28,95,0) family(29,95,0) family(30,95,0) family(32,95,0) family(34,95,0) family(35,95,0) family(37,95,0) family(39,95,0) family(40,95,0) family(42,95,0) family(46,95,0) family(47,95,0) family(49,95,0) family(50,95,0) family(51,95,0) family(52,95,0) family(54,95,0) family(55,95,0) family(56,95,0) family(57,95,0) family(58,95,0) family(60,95,0) family(61,95,0) family(68,95,0) family(70,95,0) family(71,95,0) family(72,95,0) family(78,95,0) family(79,95,0) family(81,95,0) family(83,95,0) family(84,95,0) family(85,95,0) family(86,95,0) family(87,95,0) family(88,95,0) family(89,95,0) family(90,95,0) family(91,95,0) family(92,95,0) family(93,95,0) family(94,95,0) family(0,98,0) family(3,98,0) family(5,98,0) family(8,98,0) family(11,98,0) family(12,98,0) family(13,98,0) family(14,98,0) family(16,98,0) family(18,98,0) family(19,98,0) family(20,98,0) family(21,98,0) family(22,98,0) family(25,98,0) family(26,98,0) family(27,98,0) family(28,98,0) family(29,98,0) family(30,98,0) family(32,98,0) family(34,98,0) family(35,98,0) family(37,98,0) family(39,98,0) family(40,98,0) family(42,98,0) family(46,98,0) family(47,98,0) family(49,98,0) family(50,98,0) family(51,98,0) family(52,98,0) family(54,98,0) family(55,98,0) family(56,98,0) family(57,98,0) family(58,98,0) family(60,98,0) family(61,98,0) family(68,98,0) family(70,98,0) family(71,98,0) family(72,98,0) family(78,98,0) family(79,98,0) family(81,98,0) family(83,98,0) family(84,98,0) family(85,98,0) family(86,98,0) family(87,98,0) family(88,98,0) family(89,98,0) family(90,98,0) family(91,98,0) family(92,98,0) family(93,98,0) family(94,98,0) family(95,98,0) family(31,62,1) family(31,67,1) family(62,67,1) family(6,17,2) family(6,23,2) family(17,23,2) family(6,53,2) family(17,53,2) family(23,53,2) family(6,96,2) family(17,96,2) family(23,96,2) family(53,96,2) family(9,15,3) family(9,36,3) family(15,36,3) family(4,10,5) family(59,69,7) family(77,80,8) family(1,2,10) family(1,24,10) family(2,24,10) family(7,66,14) family(38,48,16) family(38,63,16) family(48,63,16) family(38,97,16) family(48,97,16) family(63,97,16) family(45,64,17) family(33,65,18) family(73,75,19) reach(1,2) reach(4,10) reach(9,15) reach(11,16) reach(6,17) reach(0,19) reach(0,20) reach(11,20) reach(16,20) reach(3,22) reach(17,23) reach(2,24) reach(8,27) reach(5,29) reach(15,36) reach(29,46) reach(38,48) reach(21,49) reach(5,50) reach(0,51) reach(20,51) reach(18,52) reach(19,52) reach(23,53) reach(16,55) reach(11,56) reach(54,57) reach(32,58) reach(0,60) reach(21,61) reach(31,62) reach(48,63) reach(45,64) reach(33,65) reach(7,66) reach(62,67) reach(0,68) reach(30,68) reach(59,69) reach(50,70) reach(12,71) reach(22,72) reach(73,75) reach(70,79) reach(77,80) reach(12,81) reach(34,81) reach(14,83) reach(72,84) reach(3,85) reach(22,85) reach(39,86) reach(26,87) reach(25,88) reach(50,88) reach(11,89) reach(27,90) reach(28,91) reach(18,92) reach(12,94) reach(3,95) reach(18,95) reach(53,96) reach(63,97) reach(32,98) reach(58,98) reach(6,23) reach(1,24) reach(9,36) reach(5,46) reach(11,51) reach(16,51) reach(0,52) reach(17,53) reach(11,55) reach(38,63) reach(31,67) reach(5,70) reach(3,72) reach(50,79) reach(22,84) reach(5,88) reach(8,90) reach(23,96) reach(48,97) reach(6,53) reach(5,79) reach(3,84) reach(17,96) reach(6,96) reach(38,97) contiguous(1) contiguous(2) contiguous(3) contiguous(4) contiguous(5) contiguous(6) contiguous(7) contiguous(8) contiguous(9) contiguous(10) contiguous(11) contiguous(12) contiguous(13) contiguous(14) contiguous(15) contiguous(16) contiguous(17) contiguous(18) contiguous(19) borders(3,1,9,31) borders(4,2,44,6) borders(5,2,10,53) borders(1,2,67,96) borders(16,3,38,15) borders(16,3,48,15) borders(16,3,48,36) borders(16,3,63,36) borders(6,4,82,44) borders(7,5,69,4) borders(8,7,77,59) borders(8,7,80,59) borders(8,9,80,74) borders(11,10,76,1) borders(9,10,74,24) borders(11,12,76,99) borders(3,13,15,43) borders(3,13,36,43) borders(13,14,43,7) borders(14,15,7,41) borders(17,16,45,63) borders(17,16,64,63) borders(3,16,36,97) borders(18,17,33,45) borders(18,17,65,45) borders(19,18,73,65) borders(18,19,65,75)
SATISFIABLE
